// Jest Snapshot v1, https://goo.gl/fbAQLP

exports[`DefaultHelmet it should render 1`] = `null`;
